{
  "version": "1.5.0",
  "plugins_used": [
    {
      "name": "ArtifactoryDetector"
    },
    {
      "name": "AWSKeyDetector"
    },
    {
      "name": "AzureStorageKeyDetector"
    },
    {
      "name": "Base64HighEntropyString",
      "limit": 4.5
    },
    {
      "name": "BasicAuthDetector"
    },
    {
      "name": "CloudantDetector"
    },
    {
      "name": "DiscordBotTokenDetector"
    },
    {
      "name": "GitHubTokenDetector"
    },
    {
      "name": "GitLabTokenDetector"
    },
    {
      "name": "HexHighEntropyString",
      "limit": 3.0
    },
    {
      "name": "IbmCloudIamDetector"
    },
    {
      "name": "IbmCosHmacDetector"
    },
    {
      "name": "IPPublicDetector"
    },
    {
      "name": "JwtTokenDetector"
    },
    {
      "name": "KeywordDetector",
      "keyword_exclude": ""
    },
    {
      "name": "MailchimpDetector"
    },
    {
      "name": "NpmDetector"
    },
    {
      "name": "OpenAIDetector"
    },
    {
      "name": "PrivateKeyDetector"
    },
    {
      "name": "PypiTokenDetector"
    },
    {
      "name": "SendGridDetector"
    },
    {
      "name": "SlackDetector"
    },
    {
      "name": "SoftlayerDetector"
    },
    {
      "name": "SquareOAuthDetector"
    },
    {
      "name": "StripeDetector"
    },
    {
      "name": "TelegramBotTokenDetector"
    },
    {
      "name": "TwilioKeyDetector"
    }
  ],
  "filters_used": [
    {
      "path": "detect_secrets.filters.allowlist.is_line_allowlisted"
    },
    {
      "path": "detect_secrets.filters.common.is_ignored_due_to_verification_policies",
      "min_level": 2
    },
    {
      "path": "detect_secrets.filters.heuristic.is_indirect_reference"
    },
    {
      "path": "detect_secrets.filters.heuristic.is_likely_id_string"
    },
    {
      "path": "detect_secrets.filters.heuristic.is_lock_file"
    },
    {
      "path": "detect_secrets.filters.heuristic.is_not_alphanumeric_string"
    },
    {
      "path": "detect_secrets.filters.heuristic.is_potential_uuid"
    },
    {
      "path": "detect_secrets.filters.heuristic.is_prefixed_with_dollar_sign"
    },
    {
      "path": "detect_secrets.filters.heuristic.is_sequential_string"
    },
    {
      "path": "detect_secrets.filters.heuristic.is_swagger_file"
    },
    {
      "path": "detect_secrets.filters.heuristic.is_templated_secret"
    }
  ],
  "results": {
    "pre_commit/commands/install_uninstall.py": [
      {
        "type": "Hex High Entropy String",
        "filename": "pre_commit/commands/install_uninstall.py",
        "hashed_secret": "9b9dd75e14b3d5daf49efe7ad4b33158e83f3118",
        "is_verified": false,
        "line_number": 24
      },
      {
        "type": "Hex High Entropy String",
        "filename": "pre_commit/commands/install_uninstall.py",
        "hashed_secret": "3f8c0253b8b8f48e4163987a57887d65bf47acef",
        "is_verified": false,
        "line_number": 25
      },
      {
        "type": "Hex High Entropy String",
        "filename": "pre_commit/commands/install_uninstall.py",
        "hashed_secret": "5760247c1ef6a849a9844d08c09cb84dda49969a",
        "is_verified": false,
        "line_number": 26
      },
      {
        "type": "Hex High Entropy String",
        "filename": "pre_commit/commands/install_uninstall.py",
        "hashed_secret": "dee152431eea26b9d52e4cfd363ff2d78b8c4ebd",
        "is_verified": false,
        "line_number": 27
      },
      {
        "type": "Hex High Entropy String",
        "filename": "pre_commit/commands/install_uninstall.py",
        "hashed_secret": "24594121c136246cf8c2de7ee1ee39f71e2d41d4",
        "is_verified": false,
        "line_number": 28
      },
      {
        "type": "Hex High Entropy String",
        "filename": "pre_commit/commands/install_uninstall.py",
        "hashed_secret": "3b83f939b10fedeb7d0956a22f8696be8315df51",
        "is_verified": false,
        "line_number": 30
      }
    ],
    "testing/get-coursier.sh": [
      {
        "type": "Hex High Entropy String",
        "filename": "testing/get-coursier.sh",
        "hashed_secret": "94ac737fdd9c8f7e49efef29b869669a0843990b",
        "is_verified": false,
        "line_number": 6
      },
      {
        "type": "Hex High Entropy String",
        "filename": "testing/get-coursier.sh",
        "hashed_secret": "511a8a22362a988c59943d8ab5287bdf23e07d77",
        "is_verified": false,
        "line_number": 16
      }
    ],
    "tests/clientlib_test.py": [
      {
        "type": "Hex High Entropy String",
        "filename": "tests/clientlib_test.py",
        "hashed_secret": "4c35276ac8bfcf805eaac866ab5cccbb63d6633a",
        "is_verified": false,
        "line_number": 50
      },
      {
        "type": "Hex High Entropy String",
        "filename": "tests/clientlib_test.py",
        "hashed_secret": "a825ab65c7272ee71a1ce9abdf71820639960094",
        "is_verified": false,
        "line_number": 130
      }
    ],
    "tests/languages/julia_test.py": [
      {
        "type": "Hex High Entropy String",
        "filename": "tests/languages/julia_test.py",
        "hashed_secret": "bb544102af5b32980bd1042d06562516f5533b42",
        "is_verified": false,
        "line_number": 55
      }
    ],
    "tests/languages/r_test.py": [
      {
        "type": "Hex High Entropy String",
        "filename": "tests/languages/r_test.py",
        "hashed_secret": "82fc30cb721455d116d2ce3a7ec932cd484eef89",
        "is_verified": false,
        "line_number": 152
      },
      {
        "type": "Hex High Entropy String",
        "filename": "tests/languages/r_test.py",
        "hashed_secret": "1e04b6813eee8f4fb403d1c2bcde5ff7b1ab8e04",
        "is_verified": false,
        "line_number": 159
      }
    ]
  },
  "generated_at": "2026-01-13T11:00:05Z"
}
